// Jest Snapshot v1, https://goo.gl/fbAQLP

exports[`disable nft on landing page does not render nft information and card 1`] = ``;
